// Jest Snapshot v1, https://goo.gl/fbAQLP

exports[`AddItemModal AddItemModal - renders correctly 1`] = `null`;
