// Jest Snapshot v1, https://goo.gl/fbAQLP

exports[`RemoveItemModal RemoveItemModal - renders correctly 1`] = `null`;
