// Jest Snapshot v1, https://goo.gl/fbAQLP

exports[`Header - renders correctly 1`] = `
.c0 {
  position: fixed;
  z-index: 999;
  top: 0;
  height: 78px;
  width: calc(100% - 32px);
  background-color: white;
  border-bottom: 1px solid #e6e6e6;
  box-shadow: rgb(166 179 194 / 30%) 0px 4px 14px 0px;
  padding: 0 16px;
  display: -webkit-box;
  display: -webkit-flex;
  display: -ms-flexbox;
  display: flex;
  -webkit-align-items: center;
  -webkit-box-align: center;
  -ms-flex-align: center;
  align-items: center;
  -webkit-box-pack: justify;
  -webkit-justify-content: space-between;
  -ms-flex-pack: justify;
  justify-content: space-between;
}

.c1 {
  margin: 0;
  padding: 0;
}

<div
  className="c0"
>
  <h1
    className="c1"
  >
    Header
  </h1>
</div>
`;
